2026-01-23 16:26:06,512 pyaota.generator.questionset Topic 'Early western history': 1 questions available.
2026-01-23 16:26:06,512 pyaota.generator.questionset Topic 'European history': 1 questions available.
2026-01-23 16:26:06,512 pyaota.generator.questionset Topic 'Renaissance history': 20 questions available.
2026-01-23 16:26:06,512 pyaota.generator.manager Preparing full compile of all questions in ../question\_banks/simple\_history.yaml
2026-01-23 16:26:06,512 pyaota.generator.document Number of questions: 22
2026-01-23 16:26:06,512 pyaota.generator.document Rendering question: 1 mcq
2026-01-23 16:26:06,512 pyaota.generator.yaml2tex Rendering question ID=1 type=mcq kwargs={'show_id': True, 'highlight_correct': True}
2026-01-23 16:26:06,512 pyaota.generator.document Rendering question: 2 tf
2026-01-23 16:26:06,512 pyaota.generator.yaml2tex Rendering question ID=2 type=tf kwargs={'show_id': True, 'highlight_correct': True}
2026-01-23 16:26:06,512 pyaota.generator.document Rendering question: 3 mcq
2026-01-23 16:26:06,512 pyaota.generator.yaml2tex Rendering question ID=3 type=mcq kwargs={'show_id': True, 'highlight_correct': True}
2026-01-23 16:26:06,512 pyaota.generator.document Rendering question: 4 mcq
2026-01-23 16:26:06,512 pyaota.generator.yaml2tex Rendering question ID=4 type=mcq kwargs={'show_id': True, 'highlight_correct': True}
2026-01-23 16:26:06,512 pyaota.generator.document Rendering question: 5 mcq
2026-01-23 16:26:06,512 pyaota.generator.yaml2tex Rendering question ID=5 type=mcq kwargs={'show_id': True, 'highlight_correct': True}
2026-01-23 16:26:06,512 pyaota.generator.document Rendering question: 6 mcq
2026-01-23 16:26:06,512 pyaota.generator.yaml2tex Rendering question ID=6 type=mcq kwargs={'show_id': True, 'highlight_correct': True}
2026-01-23 16:26:06,513 pyaota.generator.document Rendering question: 7 mcq
2026-01-23 16:26:06,513 pyaota.generator.yaml2tex Rendering question ID=7 type=mcq kwargs={'show_id': True, 'highlight_correct': True}
2026-01-23 16:26:06,513 pyaota.generator.document Rendering question: 8 mcq
2026-01-23 16:26:06,513 pyaota.generator.yaml2tex Rendering question ID=8 type=mcq kwargs={'show_id': True, 'highlight_correct': True}
2026-01-23 16:26:06,513 pyaota.generator.document Rendering question: 9 mcq
2026-01-23 16:26:06,513 pyaota.generator.yaml2tex Rendering question ID=9 type=mcq kwargs={'show_id': True, 'highlight_correct': True}
2026-01-23 16:26:06,513 pyaota.generator.document Rendering question: 10 mcq
2026-01-23 16:26:06,513 pyaota.generator.yaml2tex Rendering question ID=10 type=mcq kwargs={'show_id': True, 'highlight_correct': True}
2026-01-23 16:26:06,513 pyaota.generator.document Rendering question: 11 mcq
2026-01-23 16:26:06,513 pyaota.generator.yaml2tex Rendering question ID=11 type=mcq kwargs={'show_id': True, 'highlight_correct': True}
2026-01-23 16:26:06,513 pyaota.generator.document Rendering question: 12 mcq
2026-01-23 16:26:06,513 pyaota.generator.yaml2tex Rendering question ID=12 type=mcq kwargs={'show_id': True, 'highlight_correct': True}
2026-01-23 16:26:06,513 pyaota.generator.document Rendering question: 13 tf
2026-01-23 16:26:06,513 pyaota.generator.yaml2tex Rendering question ID=13 type=tf kwargs={'show_id': True, 'highlight_correct': True}
2026-01-23 16:26:06,514 pyaota.generator.document Rendering question: 14 tf
2026-01-23 16:26:06,514 pyaota.generator.yaml2tex Rendering question ID=14 type=tf kwargs={'show_id': True, 'highlight_correct': True}
2026-01-23 16:26:06,514 pyaota.generator.document Rendering question: 15 tf
2026-01-23 16:26:06,514 pyaota.generator.yaml2tex Rendering question ID=15 type=tf kwargs={'show_id': True, 'highlight_correct': True}
2026-01-23 16:26:06,514 pyaota.generator.document Rendering question: 16 tf
2026-01-23 16:26:06,514 pyaota.generator.yaml2tex Rendering question ID=16 type=tf kwargs={'show_id': True, 'highlight_correct': True}
2026-01-23 16:26:06,514 pyaota.generator.document Rendering question: 17 tf
2026-01-23 16:26:06,514 pyaota.generator.yaml2tex Rendering question ID=17 type=tf kwargs={'show_id': True, 'highlight_correct': True}
2026-01-23 16:26:06,514 pyaota.generator.document Rendering question: 18 tf
2026-01-23 16:26:06,514 pyaota.generator.yaml2tex Rendering question ID=18 type=tf kwargs={'show_id': True, 'highlight_correct': True}
2026-01-23 16:26:06,514 pyaota.generator.document Rendering question: 19 tf
2026-01-23 16:26:06,514 pyaota.generator.yaml2tex Rendering question ID=19 type=tf kwargs={'show_id': True, 'highlight_correct': True}
2026-01-23 16:26:06,514 pyaota.generator.document Rendering question: 20 tf
2026-01-23 16:26:06,514 pyaota.generator.yaml2tex Rendering question ID=20 type=tf kwargs={'show_id': True, 'highlight_correct': True}
2026-01-23 16:26:06,515 pyaota.generator.document Rendering question: 21 tf
2026-01-23 16:26:06,515 pyaota.generator.yaml2tex Rendering question ID=21 type=tf kwargs={'show_id': True, 'highlight_correct': True}
2026-01-23 16:26:06,515 pyaota.generator.document Rendering question: 22 tf
2026-01-23 16:26:06,515 pyaota.generator.yaml2tex Rendering question ID=22 type=tf kwargs={'show_id': True, 'highlight_correct': True}
2026-01-23 16:26:06,516 pyaota.generator.document Wrote LaTeX source to banks_full_dump-0.tex
2026-01-23 16:26:06,516 pyaota.latex.latexcompiler Running command: pdflatex -interaction=nonstopmode -file-line-error -jobname=banks_full_dump-0 -output-directory=history banks_full_dump-0.tex 
2026-01-23 16:26:07,283 pyaota.latex.latexcompiler Command output:
2026-01-23 16:26:07,283 pyaota.latex.latexcompiler ================================================================================
2026-01-23 16:26:07,283 pyaota.latex.latexcompiler This is pdfTeX, Version 3.141592653-2.6-1.40.27 (MiKTeX 25.4) (preloaded format=pdflatex.fmt)
 restricted \write18 enabled.
entering extended mode
(banks_full_dump-0.tex
LaTeX2e <2025-06-01> patch level 1
L3 programming layer <2025-10-09>
(C:\Users\cfa22\AppData\Local\Programs\MiKTeX\tex/latex/base\article.cls
Document Class: article 2025/01/22 v1.4n Standard LaTeX document class
(C:\Users\cfa22\AppData\Local\Programs\MiKTeX\tex/latex/base\size12.clo))
(C:\Users\cfa22\AppData\Local\Programs\MiKTeX\tex/latex/geometry\geometry.sty
(C:\Users\cfa22\AppData\Local\Programs\MiKTeX\tex/latex/graphics\keyval.sty)
(C:\Users\cfa22\AppData\Local\Programs\MiKTeX\tex/generic/iftex\ifvtex.sty
(C:\Users\cfa22\AppData\Local\Programs\MiKTeX\tex/generic/iftex\iftex.sty))
(C:\Users\cfa22\AppData\Local\Programs\MiKTeX\tex/latex/geometry\geometry.cfg))
(C:\Users\cfa22\AppData\Local\Programs\MiKTeX\tex/latex/fancyhdr\fancyhdr.sty)
(C:\Users\cfa22\AppData\Local\Programs\MiKTeX\tex/latex/setspace\setspace.sty)
(C:\Users\cfa22\AppData\Local\Programs\MiKTeX\tex/latex/enumitem\enumitem.sty)
(C:\Users\cfa22\AppData\Local\Programs\MiKTeX\tex/latex/tools\verbatim.sty)
(C:\Users\cfa22\AppData\Local\Programs\MiKTeX\tex/latex/listings\listings.sty
(C:\Users\cfa22\AppData\Local\Programs\MiKTeX\tex/latex/listings\lstpatch.sty)
(C:\Users\cfa22\AppData\Local\Programs\MiKTeX\tex/latex/listings\lstmisc.sty)
(C:\Users\cfa22\AppData\Local\Programs\MiKTeX\tex/latex/listings\listings.cfg))
(C:\Users\cfa22\AppData\Local\Programs\MiKTeX\tex/latex/xcolor\xcolor.sty
(C:\Users\cfa22\AppData\Local\Programs\MiKTeX\tex/latex/graphics-cfg\color.cfg)

(C:\Users\cfa22\AppData\Local\Programs\MiKTeX\tex/latex/graphics-def\pdftex.def
)
(C:\Users\cfa22\AppData\Local\Programs\MiKTeX\tex/latex/graphics\mathcolor.ltx)
) (C:\Users\cfa22\AppData\Local\Programs\MiKTeX\tex/latex/base\fontenc.sty)
(C:\Users\cfa22\AppData\Local\Programs\MiKTeX\tex/latex/base\inputenc.sty)
(C:\Users\cfa22\AppData\Local\Programs\MiKTeX\tex/latex/lm\lmodern.sty)
(C:\Users\cfa22\AppData\Local\Programs\MiKTeX\tex/latex/upquote\upquote.sty
(C:\Users\cfa22\AppData\Local\Programs\MiKTeX\tex/latex/base\textcomp.sty))
(C:\Users\cfa22\AppData\Local\Programs\MiKTeX\tex/latex/psnfss\helvet.sty)
(C:\Users\cfa22\AppData\Local\Programs\MiKTeX\tex/latex/psnfss\pifont.sty
(C:\Users\cfa22\AppData\Local\Programs\MiKTeX\tex/latex/psnfss\upzd.fd)
(C:\Users\cfa22\AppData\Local\Programs\MiKTeX\tex/latex/psnfss\upsy.fd))
(C:\Users\cfa22\AppData\Local\Programs\MiKTeX\tex/latex/pgf/frontendlayer\tikz.
sty
(C:\Users\cfa22\AppData\Local\Programs\MiKTeX\tex/latex/pgf/basiclayer\pgf.sty
(C:\Users\cfa22\AppData\Local\Programs\MiKTeX\tex/latex/pgf/utilities\pgfrcs.st
y
(C:\Users\cfa22\AppData\Local\Programs\MiKTeX\tex/generic/pgf/utilities\pgfutil
-common.tex)
(C:\Users\cfa22\AppData\Local\Programs\MiKTeX\tex/generic/pgf/utilities\pgfutil
-latex.def)
(C:\Users\cfa22\AppData\Local\Programs\MiKTeX\tex/generic/pgf/utilities\pgfrcs.
code.tex
(C:\Users\cfa22\AppData\Local\Programs\MiKTeX\tex/generic/pgf\pgf.revision.tex)
))
(C:\Users\cfa22\AppData\Local\Programs\MiKTeX\tex/latex/pgf/basiclayer\pgfcore.
sty
(C:\Users\cfa22\AppData\Local\Programs\MiKTeX\tex/latex/graphics\graphicx.sty
(C:\Users\cfa22\AppData\Local\Programs\MiKTeX\tex/latex/graphics\graphics.sty
(C:\Users\cfa22\AppData\Local\Programs\MiKTeX\tex/latex/graphics\trig.sty)
(C:\Users\cfa22\AppData\Local\Programs\MiKTeX\tex/latex/graphics-cfg\graphics.c
fg)))
(C:\Users\cfa22\AppData\Local\Programs\MiKTeX\tex/latex/pgf/systemlayer\pgfsys.
sty
(C:\Users\cfa22\AppData\Local\Programs\MiKTeX\tex/generic/pgf/systemlayer\pgfsy
s.code.tex
(C:\Users\cfa22\AppData\Local\Programs\MiKTeX\tex/generic/pgf/utilities\pgfkeys
.code.tex
(C:\Users\cfa22\AppData\Local\Programs\MiKTeX\tex/generic/pgf/utilities\pgfkeys
libraryfiltered.code.tex))
(C:\Users\cfa22\AppData\Local\Programs\MiKTeX\tex/generic/pgf/systemlayer\pgf.c
fg)
(C:\Users\cfa22\AppData\Local\Programs\MiKTeX\tex/generic/pgf/systemlayer\pgfsy
s-pdftex.def
(C:\Users\cfa22\AppData\Local\Programs\MiKTeX\tex/generic/pgf/systemlayer\pgfsy
s-common-pdf.def)))
(C:\Users\cfa22\AppData\Local\Programs\MiKTeX\tex/generic/pgf/systemlayer\pgfsy
ssoftpath.code.tex)
(C:\Users\cfa22\AppData\Local\Programs\MiKTeX\tex/generic/pgf/systemlayer\pgfsy
sprotocol.code.tex))
(C:\Users\cfa22\AppData\Local\Programs\MiKTeX\tex/generic/pgf/basiclayer\pgfcor
e.code.tex
(C:\Users\cfa22\AppData\Local\Programs\MiKTeX\tex/generic/pgf/math\pgfmath.code
.tex
(C:\Users\cfa22\AppData\Local\Programs\MiKTeX\tex/generic/pgf/math\pgfmathutil.
code.tex)
(C:\Users\cfa22\AppData\Local\Programs\MiKTeX\tex/generic/pgf/math\pgfmathparse
r.code.tex)
(C:\Users\cfa22\AppData\Local\Programs\MiKTeX\tex/generic/pgf/math\pgfmathfunct
ions.code.tex)
(C:\Users\cfa22\AppData\Local\Programs\MiKTeX\tex/generic/pgf/math\pgfmathfunct
ions.basic.code.tex)
(C:\Users\cfa22\AppData\Local\Programs\MiKTeX\tex/generic/pgf/math\pgfmathfunct
ions.trigonometric.code.tex)
(C:\Users\cfa22\AppData\Local\Programs\MiKTeX\tex/generic/pgf/math\pgfmathfunct
ions.random.code.tex)
(C:\Users\cfa22\AppData\Local\Programs\MiKTeX\tex/generic/pgf/math\pgfmathfunct
ions.comparison.code.tex)
(C:\Users\cfa22\AppData\Local\Programs\MiKTeX\tex/generic/pgf/math\pgfmathfunct
ions.base.code.tex)
(C:\Users\cfa22\AppData\Local\Programs\MiKTeX\tex/generic/pgf/math\pgfmathfunct
ions.round.code.tex)
(C:\Users\cfa22\AppData\Local\Programs\MiKTeX\tex/generic/pgf/math\pgfmathfunct
ions.misc.code.tex)
(C:\Users\cfa22\AppData\Local\Programs\MiKTeX\tex/generic/pgf/math\pgfmathfunct
ions.integerarithmetics.code.tex)
(C:\Users\cfa22\AppData\Local\Programs\MiKTeX\tex/generic/pgf/math\pgfmathcalc.
code.tex)
(C:\Users\cfa22\AppData\Local\Programs\MiKTeX\tex/generic/pgf/math\pgfmathfloat
.code.tex))
(C:\Users\cfa22\AppData\Local\Programs\MiKTeX\tex/generic/pgf/math\pgfint.code.
tex)
(C:\Users\cfa22\AppData\Local\Programs\MiKTeX\tex/generic/pgf/basiclayer\pgfcor
epoints.code.tex)
(C:\Users\cfa22\AppData\Local\Programs\MiKTeX\tex/generic/pgf/basiclayer\pgfcor
epathconstruct.code.tex)
(C:\Users\cfa22\AppData\Local\Programs\MiKTeX\tex/generic/pgf/basiclayer\pgfcor
epathusage.code.tex)
(C:\Users\cfa22\AppData\Local\Programs\MiKTeX\tex/generic/pgf/basiclayer\pgfcor
escopes.code.tex)
(C:\Users\cfa22\AppData\Local\Programs\MiKTeX\tex/generic/pgf/basiclayer\pgfcor
egraphicstate.code.tex)
(C:\Users\cfa22\AppData\Local\Programs\MiKTeX\tex/generic/pgf/basiclayer\pgfcor
etransformations.code.tex)
(C:\Users\cfa22\AppData\Local\Programs\MiKTeX\tex/generic/pgf/basiclayer\pgfcor
equick.code.tex)
(C:\Users\cfa22\AppData\Local\Programs\MiKTeX\tex/generic/pgf/basiclayer\pgfcor
eobjects.code.tex)
(C:\Users\cfa22\AppData\Local\Programs\MiKTeX\tex/generic/pgf/basiclayer\pgfcor
epathprocessing.code.tex)
(C:\Users\cfa22\AppData\Local\Programs\MiKTeX\tex/generic/pgf/basiclayer\pgfcor
earrows.code.tex)
(C:\Users\cfa22\AppData\Local\Programs\MiKTeX\tex/generic/pgf/basiclayer\pgfcor
eshade.code.tex)
(C:\Users\cfa22\AppData\Local\Programs\MiKTeX\tex/generic/pgf/basiclayer\pgfcor
eimage.code.tex)
(C:\Users\cfa22\AppData\Local\Programs\MiKTeX\tex/generic/pgf/basiclayer\pgfcor
eexternal.code.tex)
(C:\Users\cfa22\AppData\Local\Programs\MiKTeX\tex/generic/pgf/basiclayer\pgfcor
elayers.code.tex)
(C:\Users\cfa22\AppData\Local\Programs\MiKTeX\tex/generic/pgf/basiclayer\pgfcor
etransparency.code.tex)
(C:\Users\cfa22\AppData\Local\Programs\MiKTeX\tex/generic/pgf/basiclayer\pgfcor
epatterns.code.tex)
(C:\Users\cfa22\AppData\Local\Programs\MiKTeX\tex/generic/pgf/basiclayer\pgfcor
erdf.code.tex)))
(C:\Users\cfa22\AppData\Local\Programs\MiKTeX\tex/generic/pgf/modules\pgfmodule
shapes.code.tex)
(C:\Users\cfa22\AppData\Local\Programs\MiKTeX\tex/generic/pgf/modules\pgfmodule
plot.code.tex)
(C:\Users\cfa22\AppData\Local\Programs\MiKTeX\tex/latex/pgf/compatibility\pgfco
mp-version-0-65.sty)
(C:\Users\cfa22\AppData\Local\Programs\MiKTeX\tex/latex/pgf/compatibility\pgfco
mp-version-1-18.sty))
(C:\Users\cfa22\AppData\Local\Programs\MiKTeX\tex/latex/pgf/utilities\pgffor.st
y
(C:\Users\cfa22\AppData\Local\Programs\MiKTeX\tex/latex/pgf/utilities\pgfkeys.s
ty
(C:\Users\cfa22\AppData\Local\Programs\MiKTeX\tex/generic/pgf/utilities\pgfkeys
.code.tex))
(C:\Users\cfa22\AppData\Local\Programs\MiKTeX\tex/latex/pgf/math\pgfmath.sty
(C:\Users\cfa22\AppData\Local\Programs\MiKTeX\tex/generic/pgf/math\pgfmath.code
.tex))
(C:\Users\cfa22\AppData\Local\Programs\MiKTeX\tex/generic/pgf/utilities\pgffor.
code.tex))
(C:\Users\cfa22\AppData\Local\Programs\MiKTeX\tex/generic/pgf/frontendlayer/tik
z\tikz.code.tex
(C:\Users\cfa22\AppData\Local\Programs\MiKTeX\tex/generic/pgf/libraries\pgflibr
aryplothandlers.code.tex)
(C:\Users\cfa22\AppData\Local\Programs\MiKTeX\tex/generic/pgf/modules\pgfmodule
matrix.code.tex)
(C:\Users\cfa22\AppData\Local\Programs\MiKTeX\tex/generic/pgf/frontendlayer/tik
z/libraries\tikzlibrarytopaths.code.tex)))
(C:\Users\cfa22\AppData\Local\Programs\MiKTeX\tex/generic/pgf/frontendlayer/tik
z/libraries\tikzlibrarycalc.code.tex)
(C:\Users\cfa22\AppData\Local\Programs\MiKTeX\tex/latex/qrcode\qrcode.sty
(C:\Users\cfa22\AppData\Local\Programs\MiKTeX\tex/latex/xkeyval\xkeyval.sty
(C:\Users\cfa22\AppData\Local\Programs\MiKTeX\tex/generic/xkeyval\xkeyval.tex
(C:\Users\cfa22\AppData\Local\Programs\MiKTeX\tex/generic/xkeyval\xkvutils.tex)
))) (C:\Users\cfa22\AppData\Local\Programs\MiKTeX\tex/latex/tools\multicol.sty)
(C:\Users\cfa22\AppData\Local\Programs\MiKTeX\tex/latex/psnfss\t1phv.fd)
(C:\Users\cfa22\AppData\Local\Programs\MiKTeX\tex/latex/l3backend\l3backend-pdf
tex.def)

LaTeX Warning: Unused global option(s):
    [letter].

No file banks_full_dump-0.aux.
*geometry* driver: auto-detecting
*geometry* detected driver: pdftex

(C:\Users\cfa22\AppData\Local\Programs\MiKTeX\tex/context/base/mkii\supp-pdf.mk
ii
[Loading MPS to PDF converter (version 2006.09.02).]
)
(C:\Users\cfa22\AppData\Local\Programs\MiKTeX\tex/latex/epstopdf-pkg\epstopdf-b
ase.sty
(C:\Users\cfa22\AppData\Local\Programs\MiKTeX\tex/latex/00miktex\epstopdf-sys.c
fg))

Package fancyhdr Warning: \headheight is too small (12.0pt): 
(fancyhdr)                Make it at least 14.49998pt, for example:
(fancyhdr)                \setlength{\headheight}{14.49998pt}.
(fancyhdr)                You might also make \topmargin smaller:
(fancyhdr)                \addtolength{\topmargin}{-2.49998pt}.

[1{C:/Users/cfa22/AppData/Local/MiKTeX/fonts/map/pdftex/pdftex.map}{C:/Users/cf
a22/AppData/Local/Programs/MiKTeX/fonts/enc/dvips/base/8r.enc}]
(C:\Users\cfa22\AppData\Local\Programs\MiKTeX\tex/latex/lm\ot1lmr.fd)
(C:\Users\cfa22\AppData\Local\Programs\MiKTeX\tex/latex/lm\omllmm.fd)
(C:\Users\cfa22\AppData\Local\Programs\MiKTeX\tex/latex/lm\omslmsy.fd)
(C:\Users\cfa22\AppData\Local\Programs\MiKTeX\tex/latex/lm\omxlmex.fd)

Package fancyhdr Warning: \headheight is too small (12.0pt): 
(fancyhdr)                Make it at least 14.49998pt, for example:
(fancyhdr)                \setlength{\headheight}{14.49998pt}.
(fancyhdr)                You might also make \topmargin smaller:
(fancyhdr)                \addtolength{\topmargin}{-2.49998pt}.

[2]

Package fancyhdr Warning: \headheight is too small (12.0pt): 
(fancyhdr)                Make it at least 14.49998pt, for example:
(fancyhdr)                \setlength{\headheight}{14.49998pt}.
(fancyhdr)                You might also make \topmargin smaller:
(fancyhdr)                \addtolength{\topmargin}{-2.49998pt}.

[3]

Package fancyhdr Warning: \headheight is too small (12.0pt): 
(fancyhdr)                Make it at least 14.49998pt, for example:
(fancyhdr)                \setlength{\headheight}{14.49998pt}.
(fancyhdr)                You might also make \topmargin smaller:
(fancyhdr)                \addtolength{\topmargin}{-2.49998pt}.

[4]

Package fancyhdr Warning: \headheight is too small (12.0pt): 
(fancyhdr)                Make it at least 14.49998pt, for example:
(fancyhdr)                \setlength{\headheight}{14.49998pt}.
(fancyhdr)                You might also make \topmargin smaller:
(fancyhdr)                \addtolength{\topmargin}{-2.49998pt}.

[5]
(C:\Users\cfa22\Git\pyaota\examples\rendered_banks\history\banks_full_dump-0.au
x) )<C:/Users/cfa22/AppData/Local/Programs/MiKTeX/fonts/type1/urw/helvetic/uhvb
8a.pfb><C:/Users/cfa22/AppData/Local/Programs/MiKTeX/fonts/type1/urw/helvetic/u
hvr8a.pfb>
Output written on C:\Users\cfa22\Git\pyaota\examples\rendered_banks\history\ban
ks_full_dump-0.pdf (5 pages, 28194 bytes).
Transcript written on C:\Users\cfa22\Git\pyaota\examples\rendered_banks\history
\banks_full_dump-0.log.

2026-01-23 16:26:07,284 pyaota.latex.latexcompiler ================================================================================
2026-01-23 16:26:07,284 pyaota.latex.latexcompiler Command error:
2026-01-23 16:26:07,284 pyaota.latex.latexcompiler ================================================================================
2026-01-23 16:26:07,284 pyaota.latex.latexcompiler 
2026-01-23 16:26:07,284 pyaota.latex.latexcompiler ================================================================================
2026-01-23 16:26:07,284 pyaota.latex.latexcompiler Running command: pdflatex -interaction=nonstopmode -file-line-error -jobname=banks_full_dump-0 -output-directory=history banks_full_dump-0.tex 
2026-01-23 16:26:08,019 pyaota.latex.latexcompiler Command output:
2026-01-23 16:26:08,019 pyaota.latex.latexcompiler ================================================================================
2026-01-23 16:26:08,019 pyaota.latex.latexcompiler This is pdfTeX, Version 3.141592653-2.6-1.40.27 (MiKTeX 25.4) (preloaded format=pdflatex.fmt)
 restricted \write18 enabled.
entering extended mode
(banks_full_dump-0.tex
LaTeX2e <2025-06-01> patch level 1
L3 programming layer <2025-10-09>
(C:\Users\cfa22\AppData\Local\Programs\MiKTeX\tex/latex/base\article.cls
Document Class: article 2025/01/22 v1.4n Standard LaTeX document class
(C:\Users\cfa22\AppData\Local\Programs\MiKTeX\tex/latex/base\size12.clo))
(C:\Users\cfa22\AppData\Local\Programs\MiKTeX\tex/latex/geometry\geometry.sty
(C:\Users\cfa22\AppData\Local\Programs\MiKTeX\tex/latex/graphics\keyval.sty)
(C:\Users\cfa22\AppData\Local\Programs\MiKTeX\tex/generic/iftex\ifvtex.sty
(C:\Users\cfa22\AppData\Local\Programs\MiKTeX\tex/generic/iftex\iftex.sty))
(C:\Users\cfa22\AppData\Local\Programs\MiKTeX\tex/latex/geometry\geometry.cfg))
(C:\Users\cfa22\AppData\Local\Programs\MiKTeX\tex/latex/fancyhdr\fancyhdr.sty)
(C:\Users\cfa22\AppData\Local\Programs\MiKTeX\tex/latex/setspace\setspace.sty)
(C:\Users\cfa22\AppData\Local\Programs\MiKTeX\tex/latex/enumitem\enumitem.sty)
(C:\Users\cfa22\AppData\Local\Programs\MiKTeX\tex/latex/tools\verbatim.sty)
(C:\Users\cfa22\AppData\Local\Programs\MiKTeX\tex/latex/listings\listings.sty
(C:\Users\cfa22\AppData\Local\Programs\MiKTeX\tex/latex/listings\lstpatch.sty)
(C:\Users\cfa22\AppData\Local\Programs\MiKTeX\tex/latex/listings\lstmisc.sty)
(C:\Users\cfa22\AppData\Local\Programs\MiKTeX\tex/latex/listings\listings.cfg))
(C:\Users\cfa22\AppData\Local\Programs\MiKTeX\tex/latex/xcolor\xcolor.sty
(C:\Users\cfa22\AppData\Local\Programs\MiKTeX\tex/latex/graphics-cfg\color.cfg)

(C:\Users\cfa22\AppData\Local\Programs\MiKTeX\tex/latex/graphics-def\pdftex.def
)
(C:\Users\cfa22\AppData\Local\Programs\MiKTeX\tex/latex/graphics\mathcolor.ltx)
) (C:\Users\cfa22\AppData\Local\Programs\MiKTeX\tex/latex/base\fontenc.sty)
(C:\Users\cfa22\AppData\Local\Programs\MiKTeX\tex/latex/base\inputenc.sty)
(C:\Users\cfa22\AppData\Local\Programs\MiKTeX\tex/latex/lm\lmodern.sty)
(C:\Users\cfa22\AppData\Local\Programs\MiKTeX\tex/latex/upquote\upquote.sty
(C:\Users\cfa22\AppData\Local\Programs\MiKTeX\tex/latex/base\textcomp.sty))
(C:\Users\cfa22\AppData\Local\Programs\MiKTeX\tex/latex/psnfss\helvet.sty)
(C:\Users\cfa22\AppData\Local\Programs\MiKTeX\tex/latex/psnfss\pifont.sty
(C:\Users\cfa22\AppData\Local\Programs\MiKTeX\tex/latex/psnfss\upzd.fd)
(C:\Users\cfa22\AppData\Local\Programs\MiKTeX\tex/latex/psnfss\upsy.fd))
(C:\Users\cfa22\AppData\Local\Programs\MiKTeX\tex/latex/pgf/frontendlayer\tikz.
sty
(C:\Users\cfa22\AppData\Local\Programs\MiKTeX\tex/latex/pgf/basiclayer\pgf.sty
(C:\Users\cfa22\AppData\Local\Programs\MiKTeX\tex/latex/pgf/utilities\pgfrcs.st
y
(C:\Users\cfa22\AppData\Local\Programs\MiKTeX\tex/generic/pgf/utilities\pgfutil
-common.tex)
(C:\Users\cfa22\AppData\Local\Programs\MiKTeX\tex/generic/pgf/utilities\pgfutil
-latex.def)
(C:\Users\cfa22\AppData\Local\Programs\MiKTeX\tex/generic/pgf/utilities\pgfrcs.
code.tex
(C:\Users\cfa22\AppData\Local\Programs\MiKTeX\tex/generic/pgf\pgf.revision.tex)
))
(C:\Users\cfa22\AppData\Local\Programs\MiKTeX\tex/latex/pgf/basiclayer\pgfcore.
sty
(C:\Users\cfa22\AppData\Local\Programs\MiKTeX\tex/latex/graphics\graphicx.sty
(C:\Users\cfa22\AppData\Local\Programs\MiKTeX\tex/latex/graphics\graphics.sty
(C:\Users\cfa22\AppData\Local\Programs\MiKTeX\tex/latex/graphics\trig.sty)
(C:\Users\cfa22\AppData\Local\Programs\MiKTeX\tex/latex/graphics-cfg\graphics.c
fg)))
(C:\Users\cfa22\AppData\Local\Programs\MiKTeX\tex/latex/pgf/systemlayer\pgfsys.
sty
(C:\Users\cfa22\AppData\Local\Programs\MiKTeX\tex/generic/pgf/systemlayer\pgfsy
s.code.tex
(C:\Users\cfa22\AppData\Local\Programs\MiKTeX\tex/generic/pgf/utilities\pgfkeys
.code.tex
(C:\Users\cfa22\AppData\Local\Programs\MiKTeX\tex/generic/pgf/utilities\pgfkeys
libraryfiltered.code.tex))
(C:\Users\cfa22\AppData\Local\Programs\MiKTeX\tex/generic/pgf/systemlayer\pgf.c
fg)
(C:\Users\cfa22\AppData\Local\Programs\MiKTeX\tex/generic/pgf/systemlayer\pgfsy
s-pdftex.def
(C:\Users\cfa22\AppData\Local\Programs\MiKTeX\tex/generic/pgf/systemlayer\pgfsy
s-common-pdf.def)))
(C:\Users\cfa22\AppData\Local\Programs\MiKTeX\tex/generic/pgf/systemlayer\pgfsy
ssoftpath.code.tex)
(C:\Users\cfa22\AppData\Local\Programs\MiKTeX\tex/generic/pgf/systemlayer\pgfsy
sprotocol.code.tex))
(C:\Users\cfa22\AppData\Local\Programs\MiKTeX\tex/generic/pgf/basiclayer\pgfcor
e.code.tex
(C:\Users\cfa22\AppData\Local\Programs\MiKTeX\tex/generic/pgf/math\pgfmath.code
.tex
(C:\Users\cfa22\AppData\Local\Programs\MiKTeX\tex/generic/pgf/math\pgfmathutil.
code.tex)
(C:\Users\cfa22\AppData\Local\Programs\MiKTeX\tex/generic/pgf/math\pgfmathparse
r.code.tex)
(C:\Users\cfa22\AppData\Local\Programs\MiKTeX\tex/generic/pgf/math\pgfmathfunct
ions.code.tex)
(C:\Users\cfa22\AppData\Local\Programs\MiKTeX\tex/generic/pgf/math\pgfmathfunct
ions.basic.code.tex)
(C:\Users\cfa22\AppData\Local\Programs\MiKTeX\tex/generic/pgf/math\pgfmathfunct
ions.trigonometric.code.tex)
(C:\Users\cfa22\AppData\Local\Programs\MiKTeX\tex/generic/pgf/math\pgfmathfunct
ions.random.code.tex)
(C:\Users\cfa22\AppData\Local\Programs\MiKTeX\tex/generic/pgf/math\pgfmathfunct
ions.comparison.code.tex)
(C:\Users\cfa22\AppData\Local\Programs\MiKTeX\tex/generic/pgf/math\pgfmathfunct
ions.base.code.tex)
(C:\Users\cfa22\AppData\Local\Programs\MiKTeX\tex/generic/pgf/math\pgfmathfunct
ions.round.code.tex)
(C:\Users\cfa22\AppData\Local\Programs\MiKTeX\tex/generic/pgf/math\pgfmathfunct
ions.misc.code.tex)
(C:\Users\cfa22\AppData\Local\Programs\MiKTeX\tex/generic/pgf/math\pgfmathfunct
ions.integerarithmetics.code.tex)
(C:\Users\cfa22\AppData\Local\Programs\MiKTeX\tex/generic/pgf/math\pgfmathcalc.
code.tex)
(C:\Users\cfa22\AppData\Local\Programs\MiKTeX\tex/generic/pgf/math\pgfmathfloat
.code.tex))
(C:\Users\cfa22\AppData\Local\Programs\MiKTeX\tex/generic/pgf/math\pgfint.code.
tex)
(C:\Users\cfa22\AppData\Local\Programs\MiKTeX\tex/generic/pgf/basiclayer\pgfcor
epoints.code.tex)
(C:\Users\cfa22\AppData\Local\Programs\MiKTeX\tex/generic/pgf/basiclayer\pgfcor
epathconstruct.code.tex)
(C:\Users\cfa22\AppData\Local\Programs\MiKTeX\tex/generic/pgf/basiclayer\pgfcor
epathusage.code.tex)
(C:\Users\cfa22\AppData\Local\Programs\MiKTeX\tex/generic/pgf/basiclayer\pgfcor
escopes.code.tex)
(C:\Users\cfa22\AppData\Local\Programs\MiKTeX\tex/generic/pgf/basiclayer\pgfcor
egraphicstate.code.tex)
(C:\Users\cfa22\AppData\Local\Programs\MiKTeX\tex/generic/pgf/basiclayer\pgfcor
etransformations.code.tex)
(C:\Users\cfa22\AppData\Local\Programs\MiKTeX\tex/generic/pgf/basiclayer\pgfcor
equick.code.tex)
(C:\Users\cfa22\AppData\Local\Programs\MiKTeX\tex/generic/pgf/basiclayer\pgfcor
eobjects.code.tex)
(C:\Users\cfa22\AppData\Local\Programs\MiKTeX\tex/generic/pgf/basiclayer\pgfcor
epathprocessing.code.tex)
(C:\Users\cfa22\AppData\Local\Programs\MiKTeX\tex/generic/pgf/basiclayer\pgfcor
earrows.code.tex)
(C:\Users\cfa22\AppData\Local\Programs\MiKTeX\tex/generic/pgf/basiclayer\pgfcor
eshade.code.tex)
(C:\Users\cfa22\AppData\Local\Programs\MiKTeX\tex/generic/pgf/basiclayer\pgfcor
eimage.code.tex)
(C:\Users\cfa22\AppData\Local\Programs\MiKTeX\tex/generic/pgf/basiclayer\pgfcor
eexternal.code.tex)
(C:\Users\cfa22\AppData\Local\Programs\MiKTeX\tex/generic/pgf/basiclayer\pgfcor
elayers.code.tex)
(C:\Users\cfa22\AppData\Local\Programs\MiKTeX\tex/generic/pgf/basiclayer\pgfcor
etransparency.code.tex)
(C:\Users\cfa22\AppData\Local\Programs\MiKTeX\tex/generic/pgf/basiclayer\pgfcor
epatterns.code.tex)
(C:\Users\cfa22\AppData\Local\Programs\MiKTeX\tex/generic/pgf/basiclayer\pgfcor
erdf.code.tex)))
(C:\Users\cfa22\AppData\Local\Programs\MiKTeX\tex/generic/pgf/modules\pgfmodule
shapes.code.tex)
(C:\Users\cfa22\AppData\Local\Programs\MiKTeX\tex/generic/pgf/modules\pgfmodule
plot.code.tex)
(C:\Users\cfa22\AppData\Local\Programs\MiKTeX\tex/latex/pgf/compatibility\pgfco
mp-version-0-65.sty)
(C:\Users\cfa22\AppData\Local\Programs\MiKTeX\tex/latex/pgf/compatibility\pgfco
mp-version-1-18.sty))
(C:\Users\cfa22\AppData\Local\Programs\MiKTeX\tex/latex/pgf/utilities\pgffor.st
y
(C:\Users\cfa22\AppData\Local\Programs\MiKTeX\tex/latex/pgf/utilities\pgfkeys.s
ty
(C:\Users\cfa22\AppData\Local\Programs\MiKTeX\tex/generic/pgf/utilities\pgfkeys
.code.tex))
(C:\Users\cfa22\AppData\Local\Programs\MiKTeX\tex/latex/pgf/math\pgfmath.sty
(C:\Users\cfa22\AppData\Local\Programs\MiKTeX\tex/generic/pgf/math\pgfmath.code
.tex))
(C:\Users\cfa22\AppData\Local\Programs\MiKTeX\tex/generic/pgf/utilities\pgffor.
code.tex))
(C:\Users\cfa22\AppData\Local\Programs\MiKTeX\tex/generic/pgf/frontendlayer/tik
z\tikz.code.tex
(C:\Users\cfa22\AppData\Local\Programs\MiKTeX\tex/generic/pgf/libraries\pgflibr
aryplothandlers.code.tex)
(C:\Users\cfa22\AppData\Local\Programs\MiKTeX\tex/generic/pgf/modules\pgfmodule
matrix.code.tex)
(C:\Users\cfa22\AppData\Local\Programs\MiKTeX\tex/generic/pgf/frontendlayer/tik
z/libraries\tikzlibrarytopaths.code.tex)))
(C:\Users\cfa22\AppData\Local\Programs\MiKTeX\tex/generic/pgf/frontendlayer/tik
z/libraries\tikzlibrarycalc.code.tex)
(C:\Users\cfa22\AppData\Local\Programs\MiKTeX\tex/latex/qrcode\qrcode.sty
(C:\Users\cfa22\AppData\Local\Programs\MiKTeX\tex/latex/xkeyval\xkeyval.sty
(C:\Users\cfa22\AppData\Local\Programs\MiKTeX\tex/generic/xkeyval\xkeyval.tex
(C:\Users\cfa22\AppData\Local\Programs\MiKTeX\tex/generic/xkeyval\xkvutils.tex)
))) (C:\Users\cfa22\AppData\Local\Programs\MiKTeX\tex/latex/tools\multicol.sty)
(C:\Users\cfa22\AppData\Local\Programs\MiKTeX\tex/latex/psnfss\t1phv.fd)
(C:\Users\cfa22\AppData\Local\Programs\MiKTeX\tex/latex/l3backend\l3backend-pdf
tex.def)

LaTeX Warning: Unused global option(s):
    [letter].


(C:\Users\cfa22\Git\pyaota\examples\rendered_banks\history\banks_full_dump-0.au
x)
*geometry* driver: auto-detecting
*geometry* detected driver: pdftex

(C:\Users\cfa22\AppData\Local\Programs\MiKTeX\tex/context/base/mkii\supp-pdf.mk
ii
[Loading MPS to PDF converter (version 2006.09.02).]
)
(C:\Users\cfa22\AppData\Local\Programs\MiKTeX\tex/latex/epstopdf-pkg\epstopdf-b
ase.sty
(C:\Users\cfa22\AppData\Local\Programs\MiKTeX\tex/latex/00miktex\epstopdf-sys.c
fg))

Package fancyhdr Warning: \headheight is too small (12.0pt): 
(fancyhdr)                Make it at least 14.49998pt, for example:
(fancyhdr)                \setlength{\headheight}{14.49998pt}.
(fancyhdr)                You might also make \topmargin smaller:
(fancyhdr)                \addtolength{\topmargin}{-2.49998pt}.

[1{C:/Users/cfa22/AppData/Local/MiKTeX/fonts/map/pdftex/pdftex.map}{C:/Users/cf
a22/AppData/Local/Programs/MiKTeX/fonts/enc/dvips/base/8r.enc}]
(C:\Users\cfa22\AppData\Local\Programs\MiKTeX\tex/latex/lm\ot1lmr.fd)
(C:\Users\cfa22\AppData\Local\Programs\MiKTeX\tex/latex/lm\omllmm.fd)
(C:\Users\cfa22\AppData\Local\Programs\MiKTeX\tex/latex/lm\omslmsy.fd)
(C:\Users\cfa22\AppData\Local\Programs\MiKTeX\tex/latex/lm\omxlmex.fd)

Package fancyhdr Warning: \headheight is too small (12.0pt): 
(fancyhdr)                Make it at least 14.49998pt, for example:
(fancyhdr)                \setlength{\headheight}{14.49998pt}.
(fancyhdr)                You might also make \topmargin smaller:
(fancyhdr)                \addtolength{\topmargin}{-2.49998pt}.

[2]

Package fancyhdr Warning: \headheight is too small (12.0pt): 
(fancyhdr)                Make it at least 14.49998pt, for example:
(fancyhdr)                \setlength{\headheight}{14.49998pt}.
(fancyhdr)                You might also make \topmargin smaller:
(fancyhdr)                \addtolength{\topmargin}{-2.49998pt}.

[3]

Package fancyhdr Warning: \headheight is too small (12.0pt): 
(fancyhdr)                Make it at least 14.49998pt, for example:
(fancyhdr)                \setlength{\headheight}{14.49998pt}.
(fancyhdr)                You might also make \topmargin smaller:
(fancyhdr)                \addtolength{\topmargin}{-2.49998pt}.

[4]

Package fancyhdr Warning: \headheight is too small (12.0pt): 
(fancyhdr)                Make it at least 14.49998pt, for example:
(fancyhdr)                \setlength{\headheight}{14.49998pt}.
(fancyhdr)                You might also make \topmargin smaller:
(fancyhdr)                \addtolength{\topmargin}{-2.49998pt}.

[5]
(C:\Users\cfa22\Git\pyaota\examples\rendered_banks\history\banks_full_dump-0.au
x) )<C:/Users/cfa22/AppData/Local/Programs/MiKTeX/fonts/type1/urw/helvetic/uhvb
8a.pfb><C:/Users/cfa22/AppData/Local/Programs/MiKTeX/fonts/type1/urw/helvetic/u
hvr8a.pfb>
Output written on C:\Users\cfa22\Git\pyaota\examples\rendered_banks\history\ban
ks_full_dump-0.pdf (5 pages, 28194 bytes).
Transcript written on C:\Users\cfa22\Git\pyaota\examples\rendered_banks\history
\banks_full_dump-0.log.

2026-01-23 16:26:08,019 pyaota.latex.latexcompiler ================================================================================
2026-01-23 16:26:08,019 pyaota.latex.latexcompiler Command error:
2026-01-23 16:26:08,019 pyaota.latex.latexcompiler ================================================================================
2026-01-23 16:26:08,019 pyaota.latex.latexcompiler 
2026-01-23 16:26:08,019 pyaota.latex.latexcompiler ================================================================================
2026-01-23 16:26:08,019 pyaota.latex.latexcompiler Flushing 4 intermediate files.
2026-01-23 16:26:08,019 pyaota.util.collectors Flushing file collector: 4 entries.
2026-01-23 16:26:08,020 pyaota.util.collectors FileCollector.flush: path history/banks_full_dump-0.out does not exist.
